[0.466s] DEBUG:colcon:Command line arguments: ['/usr/bin/colcon', 'build', '--packages-select', 'ufactory_arm_description']
[0.468s] DEBUG:colcon:Parsed command line arguments: Namespace(log_base=None, log_level=None, verb_name='build', build_base='build', install_base='install', merge_install=False, symlink_install=False, test_result_base=None, continue_on_error=False, executor='parallel', parallel_workers=8, event_handlers=None, ignore_user_meta=False, metas=['./colcon.meta'], base_paths=['.'], packages_ignore=None, packages_ignore_regex=None, paths=None, packages_up_to=None, packages_up_to_regex=None, packages_above=None, packages_above_and_dependencies=None, packages_above_depth=None, packages_select_by_dep=None, packages_skip_by_dep=None, packages_skip_up_to=None, packages_select_build_failed=False, packages_skip_build_finished=False, packages_select_test_failures=False, packages_skip_test_passed=False, packages_select=['ufactory_arm_description'], packages_skip=None, packages_select_regex=None, packages_skip_regex=None, packages_start=None, packages_end=None, allow_overriding=[], cmake_args=None, cmake_target=None, cmake_target_skip_unavailable=False, cmake_clean_cache=False, cmake_clean_first=False, cmake_force_configure=False, ament_cmake_args=None, catkin_cmake_args=None, catkin_skip_building_tests=False, mixin_files=None, mixin=None, verb_parser=<colcon_mixin.mixin.mixin_argument.MixinArgumentDecorator object at 0x7b80a64457b0>, verb_extension=<colcon_core.verb.build.BuildVerb object at 0x7b80a65566e0>, main=<bound method BuildVerb.main of <colcon_core.verb.build.BuildVerb object at 0x7b80a65566e0>>, mixin_verb=('build',))
[0.731s] Level 1:colcon.colcon_core.package_discovery:discover_packages(colcon_meta) check parameters
[0.732s] Level 1:colcon.colcon_core.package_discovery:discover_packages(recursive) check parameters
[0.732s] Level 1:colcon.colcon_core.package_discovery:discover_packages(ignore) check parameters
[0.733s] Level 1:colcon.colcon_core.package_discovery:discover_packages(path) check parameters
[0.733s] Level 1:colcon.colcon_core.package_discovery:discover_packages(colcon_meta) discover
[0.733s] Level 1:colcon.colcon_core.package_discovery:discover_packages(recursive) discover
[0.734s] INFO:colcon.colcon_core.package_discovery:Crawling recursively for packages in '/mnt/c/Users/oyink/Aurora_workshop/Task4/Task4_robot/Workspace/ufactory_arm_description/urdf'
[0.736s] Level 1:colcon.colcon_core.package_identification:_identify(.) by extensions ['ignore', 'ignore_ament_install']
[0.737s] Level 1:colcon.colcon_core.package_identification:_identify(.) by extension 'ignore'
[0.737s] Level 1:colcon.colcon_core.package_identification:_identify(.) by extension 'ignore_ament_install'
[0.738s] Level 1:colcon.colcon_core.package_identification:_identify(.) by extensions ['colcon_pkg']
[0.739s] Level 1:colcon.colcon_core.package_identification:_identify(.) by extension 'colcon_pkg'
[0.740s] Level 1:colcon.colcon_core.package_identification:_identify(.) by extensions ['colcon_meta']
[0.740s] Level 1:colcon.colcon_core.package_identification:_identify(.) by extension 'colcon_meta'
[0.741s] Level 1:colcon.colcon_core.package_identification:_identify(.) by extensions ['ros']
[0.741s] Level 1:colcon.colcon_core.package_identification:_identify(.) by extension 'ros'
[0.765s] DEBUG:colcon.colcon_core.package_identification:Package '.' with type 'ros.ament_cmake' and name 'ufactory_arm_description'
[0.765s] Level 1:colcon.colcon_core.package_discovery:discover_packages(recursive) using defaults
[0.766s] Level 1:colcon.colcon_core.package_discovery:discover_packages(ignore) discover
[0.766s] Level 1:colcon.colcon_core.package_discovery:discover_packages(ignore) using defaults
[0.766s] Level 1:colcon.colcon_core.package_discovery:discover_packages(path) discover
[0.767s] Level 1:colcon.colcon_core.package_discovery:discover_packages(path) using defaults
[0.801s] Level 1:colcon.colcon_core.package_discovery:discover_packages(prefix_path) check parameters
[0.801s] Level 1:colcon.colcon_core.package_discovery:discover_packages(prefix_path) discover
[0.806s] DEBUG:colcon.colcon_installed_package_information.package_discovery:Found 326 installed packages in /opt/ros/humble
[0.808s] Level 1:colcon.colcon_core.package_discovery:discover_packages(prefix_path) using defaults
[0.871s] Level 5:colcon.colcon_core.verb:set package 'ufactory_arm_description' build argument 'cmake_args' from command line to 'None'
[0.872s] Level 5:colcon.colcon_core.verb:set package 'ufactory_arm_description' build argument 'cmake_target' from command line to 'None'
[0.872s] Level 5:colcon.colcon_core.verb:set package 'ufactory_arm_description' build argument 'cmake_target_skip_unavailable' from command line to 'False'
[0.872s] Level 5:colcon.colcon_core.verb:set package 'ufactory_arm_description' build argument 'cmake_clean_cache' from command line to 'False'
[0.873s] Level 5:colcon.colcon_core.verb:set package 'ufactory_arm_description' build argument 'cmake_clean_first' from command line to 'False'
[0.873s] Level 5:colcon.colcon_core.verb:set package 'ufactory_arm_description' build argument 'cmake_force_configure' from command line to 'False'
[0.873s] Level 5:colcon.colcon_core.verb:set package 'ufactory_arm_description' build argument 'ament_cmake_args' from command line to 'None'
[0.874s] Level 5:colcon.colcon_core.verb:set package 'ufactory_arm_description' build argument 'catkin_cmake_args' from command line to 'None'
[0.874s] Level 5:colcon.colcon_core.verb:set package 'ufactory_arm_description' build argument 'catkin_skip_building_tests' from command line to 'False'
[0.874s] DEBUG:colcon.colcon_core.verb:Building package 'ufactory_arm_description' with the following arguments: {'ament_cmake_args': None, 'build_base': '/mnt/c/Users/oyink/Aurora_workshop/Task4/Task4_robot/Workspace/ufactory_arm_description/urdf/build/ufactory_arm_description', 'catkin_cmake_args': None, 'catkin_skip_building_tests': False, 'cmake_args': None, 'cmake_clean_cache': False, 'cmake_clean_first': False, 'cmake_force_configure': False, 'cmake_target': None, 'cmake_target_skip_unavailable': False, 'install_base': '/mnt/c/Users/oyink/Aurora_workshop/Task4/Task4_robot/Workspace/ufactory_arm_description/urdf/install/ufactory_arm_description', 'merge_install': False, 'path': '/mnt/c/Users/oyink/Aurora_workshop/Task4/Task4_robot/Workspace/ufactory_arm_description/urdf', 'symlink_install': False, 'test_result_base': None}
[0.875s] INFO:colcon.colcon_core.executor:Executing jobs using 'parallel' executor
[0.876s] DEBUG:colcon.colcon_parallel_executor.executor.parallel:run_until_complete
[0.877s] INFO:colcon.colcon_ros.task.ament_cmake.build:Building ROS package in '/mnt/c/Users/oyink/Aurora_workshop/Task4/Task4_robot/Workspace/ufactory_arm_description/urdf' with build type 'ament_cmake'
[0.878s] INFO:colcon.colcon_cmake.task.cmake.build:Building CMake package in '/mnt/c/Users/oyink/Aurora_workshop/Task4/Task4_robot/Workspace/ufactory_arm_description/urdf'
[0.883s] INFO:colcon.colcon_core.plugin_system:Skipping extension 'colcon_core.shell.bat': Not used on non-Windows systems
[0.884s] INFO:colcon.colcon_core.shell:Skip shell extension 'powershell' for command environment: Not usable outside of PowerShell
[0.884s] DEBUG:colcon.colcon_core.shell:Skip shell extension 'dsv' for command environment
[0.997s] DEBUG:colcon.colcon_core.event_handler.log_command:Invoking command in '/mnt/c/Users/oyink/Aurora_workshop/Task4/Task4_robot/Workspace/ufactory_arm_description/urdf/build/ufactory_arm_description': CMAKE_PREFIX_PATH=/opt/ros/humble /usr/bin/cmake /mnt/c/Users/oyink/Aurora_workshop/Task4/Task4_robot/Workspace/ufactory_arm_description/urdf -DCMAKE_INSTALL_PREFIX=/mnt/c/Users/oyink/Aurora_workshop/Task4/Task4_robot/Workspace/ufactory_arm_description/urdf/install/ufactory_arm_description
[24.096s] DEBUG:colcon.colcon_core.event_handler.log_command:Invoked command in '/mnt/c/Users/oyink/Aurora_workshop/Task4/Task4_robot/Workspace/ufactory_arm_description/urdf/build/ufactory_arm_description' returned '0': CMAKE_PREFIX_PATH=/opt/ros/humble /usr/bin/cmake /mnt/c/Users/oyink/Aurora_workshop/Task4/Task4_robot/Workspace/ufactory_arm_description/urdf -DCMAKE_INSTALL_PREFIX=/mnt/c/Users/oyink/Aurora_workshop/Task4/Task4_robot/Workspace/ufactory_arm_description/urdf/install/ufactory_arm_description
[24.126s] DEBUG:colcon.colcon_core.event_handler.log_command:Invoking command in '/mnt/c/Users/oyink/Aurora_workshop/Task4/Task4_robot/Workspace/ufactory_arm_description/urdf/build/ufactory_arm_description': CMAKE_PREFIX_PATH=/opt/ros/humble /usr/bin/cmake --build /mnt/c/Users/oyink/Aurora_workshop/Task4/Task4_robot/Workspace/ufactory_arm_description/urdf/build/ufactory_arm_description -- -j8 -l8
[24.386s] DEBUG:colcon.colcon_core.event_handler.log_command:Invoked command in '/mnt/c/Users/oyink/Aurora_workshop/Task4/Task4_robot/Workspace/ufactory_arm_description/urdf/build/ufactory_arm_description' returned '0': CMAKE_PREFIX_PATH=/opt/ros/humble /usr/bin/cmake --build /mnt/c/Users/oyink/Aurora_workshop/Task4/Task4_robot/Workspace/ufactory_arm_description/urdf/build/ufactory_arm_description -- -j8 -l8
[24.473s] DEBUG:colcon.colcon_core.event_handler.log_command:Invoking command in '/mnt/c/Users/oyink/Aurora_workshop/Task4/Task4_robot/Workspace/ufactory_arm_description/urdf/build/ufactory_arm_description': CMAKE_PREFIX_PATH=/opt/ros/humble /usr/bin/cmake --install /mnt/c/Users/oyink/Aurora_workshop/Task4/Task4_robot/Workspace/ufactory_arm_description/urdf/build/ufactory_arm_description
[24.497s] DEBUG:colcon.colcon_core.event_handler.log_command:Invoked command in '/mnt/c/Users/oyink/Aurora_workshop/Task4/Task4_robot/Workspace/ufactory_arm_description/urdf/build/ufactory_arm_description' returned '1': CMAKE_PREFIX_PATH=/opt/ros/humble /usr/bin/cmake --install /mnt/c/Users/oyink/Aurora_workshop/Task4/Task4_robot/Workspace/ufactory_arm_description/urdf/build/ufactory_arm_description
[24.531s] Level 1:colcon.colcon_core.environment:create_environment_scripts_only(ufactory_arm_description)
[24.534s] Level 1:colcon.colcon_core.environment:checking '/mnt/c/Users/oyink/Aurora_workshop/Task4/Task4_robot/Workspace/ufactory_arm_description/urdf/install/ufactory_arm_description' for CMake module files
[24.569s] Level 1:colcon.colcon_core.environment:checking '/mnt/c/Users/oyink/Aurora_workshop/Task4/Task4_robot/Workspace/ufactory_arm_description/urdf/install/ufactory_arm_description' for CMake config files
[24.574s] Level 1:colcon.colcon_core.environment:checking '/mnt/c/Users/oyink/Aurora_workshop/Task4/Task4_robot/Workspace/ufactory_arm_description/urdf/install/ufactory_arm_description/bin'
[24.576s] Level 1:colcon.colcon_core.environment:checking '/mnt/c/Users/oyink/Aurora_workshop/Task4/Task4_robot/Workspace/ufactory_arm_description/urdf/install/ufactory_arm_description/lib/pkgconfig/ufactory_arm_description.pc'
[24.579s] Level 1:colcon.colcon_core.environment:checking '/mnt/c/Users/oyink/Aurora_workshop/Task4/Task4_robot/Workspace/ufactory_arm_description/urdf/install/ufactory_arm_description/lib/python3.10/site-packages'
[24.583s] Level 1:colcon.colcon_core.environment:checking '/mnt/c/Users/oyink/Aurora_workshop/Task4/Task4_robot/Workspace/ufactory_arm_description/urdf/install/ufactory_arm_description/bin'
[24.587s] INFO:colcon.colcon_core.shell:Creating package script '/mnt/c/Users/oyink/Aurora_workshop/Task4/Task4_robot/Workspace/ufactory_arm_description/urdf/install/ufactory_arm_description/share/ufactory_arm_description/package.ps1'
[24.639s] INFO:colcon.colcon_core.shell:Creating package descriptor '/mnt/c/Users/oyink/Aurora_workshop/Task4/Task4_robot/Workspace/ufactory_arm_description/urdf/install/ufactory_arm_description/share/ufactory_arm_description/package.dsv'
[24.678s] INFO:colcon.colcon_core.shell:Creating package script '/mnt/c/Users/oyink/Aurora_workshop/Task4/Task4_robot/Workspace/ufactory_arm_description/urdf/install/ufactory_arm_description/share/ufactory_arm_description/package.sh'
[24.713s] INFO:colcon.colcon_core.shell:Creating package script '/mnt/c/Users/oyink/Aurora_workshop/Task4/Task4_robot/Workspace/ufactory_arm_description/urdf/install/ufactory_arm_description/share/ufactory_arm_description/package.bash'
[24.758s] INFO:colcon.colcon_core.shell:Creating package script '/mnt/c/Users/oyink/Aurora_workshop/Task4/Task4_robot/Workspace/ufactory_arm_description/urdf/install/ufactory_arm_description/share/ufactory_arm_description/package.zsh'
[24.803s] Level 1:colcon.colcon_core.environment:create_file_with_runtime_dependencies(/mnt/c/Users/oyink/Aurora_workshop/Task4/Task4_robot/Workspace/ufactory_arm_description/urdf/install/ufactory_arm_description/share/colcon-core/packages/ufactory_arm_description)
[24.843s] DEBUG:colcon.colcon_parallel_executor.executor.parallel:closing loop
[24.844s] DEBUG:colcon.colcon_parallel_executor.executor.parallel:loop closed
[24.845s] DEBUG:colcon.colcon_parallel_executor.executor.parallel:run_until_complete finished with '1'
[24.845s] DEBUG:colcon.colcon_core.event_reactor:joining thread
[25.110s] INFO:colcon.colcon_core.plugin_system:Skipping extension 'colcon_notification.desktop_notification.notify_send': Could not find 'notify-send'
[25.111s] INFO:colcon.colcon_core.plugin_system:Skipping extension 'colcon_notification.desktop_notification.terminal_notifier': Not used on non-Darwin systems
[25.112s] INFO:colcon.colcon_core.plugin_system:Skipping extension 'colcon_notification.desktop_notification.win32': Not used on non-Windows systems
[25.113s] INFO:colcon.colcon_notification.desktop_notification:Sending desktop notification using 'notify2'
[25.115s] DEBUG:colcon.colcon_notification.desktop_notification.notify2:Failed to initialize notify2: org.freedesktop.DBus.Error.FileNotFound: Failed to connect to socket /run/user/1000/bus: No such file or directory
[25.116s] DEBUG:colcon.colcon_core.event_reactor:joined thread
[25.118s] INFO:colcon.colcon_core.shell:Creating prefix script '/mnt/c/Users/oyink/Aurora_workshop/Task4/Task4_robot/Workspace/ufactory_arm_description/urdf/install/local_setup.ps1'
[25.145s] INFO:colcon.colcon_core.shell:Creating prefix util module '/mnt/c/Users/oyink/Aurora_workshop/Task4/Task4_robot/Workspace/ufactory_arm_description/urdf/install/_local_setup_util_ps1.py'
[25.170s] INFO:colcon.colcon_core.shell:Creating prefix chain script '/mnt/c/Users/oyink/Aurora_workshop/Task4/Task4_robot/Workspace/ufactory_arm_description/urdf/install/setup.ps1'
[25.194s] INFO:colcon.colcon_core.shell:Creating prefix script '/mnt/c/Users/oyink/Aurora_workshop/Task4/Task4_robot/Workspace/ufactory_arm_description/urdf/install/local_setup.sh'
[25.214s] INFO:colcon.colcon_core.shell:Creating prefix util module '/mnt/c/Users/oyink/Aurora_workshop/Task4/Task4_robot/Workspace/ufactory_arm_description/urdf/install/_local_setup_util_sh.py'
[25.234s] INFO:colcon.colcon_core.shell:Creating prefix chain script '/mnt/c/Users/oyink/Aurora_workshop/Task4/Task4_robot/Workspace/ufactory_arm_description/urdf/install/setup.sh'
[25.253s] INFO:colcon.colcon_core.shell:Creating prefix script '/mnt/c/Users/oyink/Aurora_workshop/Task4/Task4_robot/Workspace/ufactory_arm_description/urdf/install/local_setup.bash'
[25.270s] INFO:colcon.colcon_core.shell:Creating prefix chain script '/mnt/c/Users/oyink/Aurora_workshop/Task4/Task4_robot/Workspace/ufactory_arm_description/urdf/install/setup.bash'
[25.288s] INFO:colcon.colcon_core.shell:Creating prefix script '/mnt/c/Users/oyink/Aurora_workshop/Task4/Task4_robot/Workspace/ufactory_arm_description/urdf/install/local_setup.zsh'
[25.303s] INFO:colcon.colcon_core.shell:Creating prefix chain script '/mnt/c/Users/oyink/Aurora_workshop/Task4/Task4_robot/Workspace/ufactory_arm_description/urdf/install/setup.zsh'
