[0.115s] Invoking command in '/mnt/c/Users/oyink/Aurora_workshop/Task4/Task4_robot/Workspace/ufactory_arm_description/urdf/build/ufactory_arm_description': CMAKE_PREFIX_PATH=/opt/ros/humble /usr/bin/cmake /mnt/c/Users/oyink/Aurora_workshop/Task4/Task4_robot/Workspace/ufactory_arm_description/urdf -DCMAKE_INSTALL_PREFIX=/mnt/c/Users/oyink/Aurora_workshop/Task4/Task4_robot/Workspace/ufactory_arm_description/urdf/install/ufactory_arm_description
[1.063s] -- The C compiler identification is GNU 11.4.0
[2.767s] -- The CXX compiler identification is GNU 11.4.0
[3.729s] -- Detecting C compiler ABI info
[5.418s] -- Detecting C compiler ABI info - done
[5.493s] -- Check for working C compiler: /usr/bin/cc - skipped
[5.495s] -- Detecting C compile features
[5.499s] -- Detecting C compile features - done
[5.623s] -- Detecting CXX compiler ABI info
[7.214s] -- Detecting CXX compiler ABI info - done
[7.279s] -- Check for working CXX compiler: /usr/bin/c++ - skipped
[7.283s] -- Detecting CXX compile features
[7.285s] -- Detecting CXX compile features - done
[7.364s] -- Found ament_cmake: 1.3.12 (/opt/ros/humble/share/ament_cmake/cmake)
[7.544s] -- Found Python3: /usr/bin/python3 (found version "3.10.12") found components: Interpreter 
[7.871s] -- Found ament_lint_auto: 0.12.14 (/opt/ros/humble/share/ament_lint_auto/cmake)
[13.510s] -- Added test 'cppcheck' to perform static code analysis on C / C++ code
[13.511s] -- Configured cppcheck include dirs: 
[13.513s] -- Configured cppcheck exclude dirs and/or files: 
[15.538s] -- Added test 'lint_cmake' to check CMake code style
[21.139s] -- Added test 'uncrustify' to check C / C++ code style
[21.140s] -- Configured uncrustify additional arguments: 
[21.615s] -- Added test 'xmllint' to check XML markup files
[21.802s] -- Configuring done
[22.516s] -- Generating done
[23.209s] -- Build files have been written to: /mnt/c/Users/oyink/Aurora_workshop/Task4/Task4_robot/Workspace/ufactory_arm_description/urdf/build/ufactory_arm_description
[23.214s] Invoked command in '/mnt/c/Users/oyink/Aurora_workshop/Task4/Task4_robot/Workspace/ufactory_arm_description/urdf/build/ufactory_arm_description' returned '0': CMAKE_PREFIX_PATH=/opt/ros/humble /usr/bin/cmake /mnt/c/Users/oyink/Aurora_workshop/Task4/Task4_robot/Workspace/ufactory_arm_description/urdf -DCMAKE_INSTALL_PREFIX=/mnt/c/Users/oyink/Aurora_workshop/Task4/Task4_robot/Workspace/ufactory_arm_description/urdf/install/ufactory_arm_description
[23.244s] Invoking command in '/mnt/c/Users/oyink/Aurora_workshop/Task4/Task4_robot/Workspace/ufactory_arm_description/urdf/build/ufactory_arm_description': CMAKE_PREFIX_PATH=/opt/ros/humble /usr/bin/cmake --build /mnt/c/Users/oyink/Aurora_workshop/Task4/Task4_robot/Workspace/ufactory_arm_description/urdf/build/ufactory_arm_description -- -j8 -l8
[23.504s] Invoked command in '/mnt/c/Users/oyink/Aurora_workshop/Task4/Task4_robot/Workspace/ufactory_arm_description/urdf/build/ufactory_arm_description' returned '0': CMAKE_PREFIX_PATH=/opt/ros/humble /usr/bin/cmake --build /mnt/c/Users/oyink/Aurora_workshop/Task4/Task4_robot/Workspace/ufactory_arm_description/urdf/build/ufactory_arm_description -- -j8 -l8
[23.591s] Invoking command in '/mnt/c/Users/oyink/Aurora_workshop/Task4/Task4_robot/Workspace/ufactory_arm_description/urdf/build/ufactory_arm_description': CMAKE_PREFIX_PATH=/opt/ros/humble /usr/bin/cmake --install /mnt/c/Users/oyink/Aurora_workshop/Task4/Task4_robot/Workspace/ufactory_arm_description/urdf/build/ufactory_arm_description
[23.604s] -- Install configuration: ""
[23.606s] [31mCMake Error at cmake_install.cmake:46 (file):
[23.608s]   file INSTALL cannot find
[23.610s]   "/mnt/c/Users/oyink/Aurora_workshop/Task4/Task4_robot/Workspace/ufactory_arm_description/urdf/meshes":
[23.611s]   No such file or directory.
[23.612s] 
[23.613s] [0m
[23.614s] Invoked command in '/mnt/c/Users/oyink/Aurora_workshop/Task4/Task4_robot/Workspace/ufactory_arm_description/urdf/build/ufactory_arm_description' returned '1': CMAKE_PREFIX_PATH=/opt/ros/humble /usr/bin/cmake --install /mnt/c/Users/oyink/Aurora_workshop/Task4/Task4_robot/Workspace/ufactory_arm_description/urdf/build/ufactory_arm_description
